The Score is...
    All terminals and honors (2 Han)
    All triplets (2 Han)
    Half-flush (2 Han)
    Little three dragons (2 Han)
    Three concealed triplets (2 Han)
    Three Kans (2 Han)
    Honer: Green (1 Han)
    Honer: Player's wind (1 Han)
    Honer: Prevailing wind (1 Han)
    Honer: White (1 Han)
Total: 16 Han (Kazoe-yakuman)