Please input the digit: Please input the digit: Please input the digit: Please input the digit: Please input the digit: Please input the digit: Please input the digit: Please input the digit: Please input the digit: Please input the digit: Please input the digit: Please input the digit: Please input the digit: Please input the digit: Please input the digit: Please input the digit: Please input the digit: Please input the digit: Please input the digit: Please input the digit: Please input the digit: Please input the digit: Please input the digit: Please input the digit: Please input the digit: Please input the digit: Please input the digit: Rule 1 Rule 2 Rule 3 not follow!
